******************************************************************************
             TMS320C2000 Linker PC v22.6.0                     
******************************************************************************
>> Linked Wed Jun 24 11:42:23 2026

OUTPUT FILE NAME:   <../frequency_response.out>
ENTRY POINT SYMBOL: "_c_int00"  address: 00084232


MEMORY CONFIGURATION

         name            origin    length      used     unused   attr    fill
----------------------  --------  ---------  --------  --------  ----  --------
PAGE 0:
  BEGIN                 00000000   00000002  00000000  00000002  RWIX
  RAMLS_PROG            00008000   00002000  000000ab  00001f55  RWIX
  BEGIN_FLASH           00080000   00000002  00000002  00000000  RWIX
  FLASHA_N              00080002   0003fffe  00004958  0003b6a6  RWIX
  RESET                 003fffc0   00000002  00000000  00000002  RWIX

PAGE 1:
  BOOT_RSVD             00000002   00000120  00000000  00000120  RWIX
  RAMM0M1               00000122   000006de  00000400  000002de  RWIX
  ADCARESULT            00000b00   00000018  00000018  00000000  RWIX
  ADCBRESULT            00000b20   00000018  00000018  00000000  RWIX
  ADCCRESULT            00000b40   00000018  00000018  00000000  RWIX
  ADCDRESULT            00000b60   00000018  00000018  00000000  RWIX
  CPU_TIMER0            00000c00   00000008  00000008  00000000  RWIX
  CPU_TIMER1            00000c08   00000008  00000008  00000000  RWIX
  CPU_TIMER2            00000c10   00000008  00000008  00000000  RWIX
  PIE_CTRL              00000ce0   00000020  0000001a  00000006  RWIX
  PIE_VECT              00000d00   00000200  000001c0  00000040  RWIX
  DMA                   00001000   00000200  000000e0  00000120  RWIX
  CLA1                  00001400   00000040  0000003e  00000002  RWIX
  CLA1_MSGRAMLOW        00001480   00000080  00000000  00000080  RWIX
  CLA1_MSGRAMHIGH       00001500   00000080  00000000  00000080  RWIX
  CLB1LOGICCFG          00003000   00000052  0000003e  00000014  RWIX
  CLB1LOGICCTRL         00003100   00000040  00000040  00000000  RWIX
  CLB1DATAEXCH          00003200   00000200  00000108  000000f8  RWIX
  CLB2LOGICCFG          00003400   00000052  0000003e  00000014  RWIX
  CLB2LOGICCTRL         00003500   00000040  00000040  00000000  RWIX
  CLB2DATAEXCH          00003600   00000200  00000108  000000f8  RWIX
  CLB3LOGICCFG          00003800   00000052  0000003e  00000014  RWIX
  CLB3LOGICCTRL         00003900   00000040  00000040  00000000  RWIX
  CLB3DATAEXCH          00003a00   00000200  00000108  000000f8  RWIX
  CLB4LOGICCFG          00003c00   00000052  0000003e  00000014  RWIX
  CLB4LOGICCTRL         00003d00   00000040  00000040  00000000  RWIX
  CLB4DATAEXCH          00003e00   00000200  00000108  000000f8  RWIX
  EPWM1                 00004000   00000100  00000100  00000000  RWIX
  EPWM2                 00004100   00000100  00000100  00000000  RWIX
  EPWM3                 00004200   00000100  00000100  00000000  RWIX
  EPWM4                 00004300   00000100  00000100  00000000  RWIX
  EPWM5                 00004400   00000100  00000100  00000000  RWIX
  EPWM6                 00004500   00000100  00000100  00000000  RWIX
  EPWM7                 00004600   00000100  00000100  00000000  RWIX
  EPWM8                 00004700   00000100  00000100  00000000  RWIX
  EPWM9                 00004800   00000100  00000100  00000000  RWIX
  EPWM10                00004900   00000100  00000100  00000000  RWIX
  EPWM11                00004a00   00000100  00000100  00000000  RWIX
  EPWM12                00004b00   00000100  00000100  00000000  RWIX
  ECAP1                 00005000   00000020  0000001a  00000006  RWIX
  ECAP2                 00005020   00000020  0000001a  00000006  RWIX
  ECAP3                 00005040   00000020  0000001a  00000006  RWIX
  ECAP4                 00005060   00000020  0000001a  00000006  RWIX
  ECAP5                 00005080   00000020  0000001a  00000006  RWIX
  ECAP6                 000050a0   00000020  0000001a  00000006  RWIX
  EQEP1                 00005100   00000040  00000022  0000001e  RWIX
  EQEP2                 00005140   00000040  00000022  0000001e  RWIX
  EQEP3                 00005180   00000040  00000022  0000001e  RWIX
  DACA                  00005c00   00000010  00000007  00000009  RWIX
  DACB                  00005c10   00000010  00000007  00000009  RWIX
  DACC                  00005c20   00000010  00000007  00000009  RWIX
  CMPSS1                00005c80   00000020  0000001b  00000005  RWIX
  CMPSS2                00005ca0   00000020  0000001b  00000005  RWIX
  CMPSS3                00005cc0   00000020  0000001b  00000005  RWIX
  CMPSS4                00005ce0   00000020  0000001b  00000005  RWIX
  CMPSS5                00005d00   00000020  0000001b  00000005  RWIX
  CMPSS6                00005d20   00000020  0000001b  00000005  RWIX
  CMPSS7                00005d40   00000020  0000001b  00000005  RWIX
  CMPSS8                00005d60   00000020  0000001b  00000005  RWIX
  SDFM1                 00005e00   00000080  00000048  00000038  RWIX
  SDFM2                 00005e80   00000080  00000048  00000038  RWIX
  MCBSPA                00006000   00000040  00000024  0000001c  RWIX
  MCBSPB                00006040   00000040  00000024  0000001c  RWIX
  SPIA                  00006100   00000010  00000010  00000000  RWIX
  SPIB                  00006110   00000010  00000010  00000000  RWIX
  SPIC                  00006120   00000010  00000010  00000000  RWIX
  SPID                  00006130   00000010  00000000  00000010  RWIX
  UPP                   00006200   00000100  00000048  000000b8  RWIX
  WD                    00007000   00000040  0000002b  00000015  RWIX
  NMIINTRUPT            00007060   00000010  00000007  00000009  RWIX
  XINT                  00007070   00000010  0000000b  00000005  RWIX
  SCIA                  00007200   00000010  00000010  00000000  RWIX
  SCIB                  00007210   00000010  00000010  00000000  RWIX
  SCIC                  00007220   00000010  00000010  00000000  RWIX
  SCID                  00007230   00000010  00000010  00000000  RWIX
  I2CA                  00007300   00000040  00000022  0000001e  RWIX
  I2CB                  00007340   00000040  00000022  0000001e  RWIX
  ADCA                  00007400   00000080  0000007c  00000004  RWIX
  ADCB                  00007480   00000080  0000007c  00000004  RWIX
  ADCC                  00007500   00000080  0000007c  00000004  RWIX
  ADCD                  00007580   00000080  0000007c  00000004  RWIX
  INPUT_XBAR            00007900   00000020  00000020  00000000  RWIX
  XBAR                  00007920   00000020  0000000e  00000012  RWIX
  SYNC_SOC              00007940   00000010  00000006  0000000a  RWIX
  DMACLASRCSEL          00007980   00000040  0000001a  00000026  RWIX
  EPWM_XBAR             00007a00   00000040  00000040  00000000  RWIX
  CLB_XBAR              00007a40   00000040  00000040  00000000  RWIX
  OUTPUT_XBAR           00007a80   00000040  00000040  00000000  RWIX
  GPIOCTRL              00007c00   00000180  00000180  00000000  RWIX
  GPIODAT               00007f00   00000030  00000030  00000000  RWIX
  RAMLS_DATA            0000a000   00001000  00000000  00001000  RWIX
  RAMD0D1               0000b000   00001000  00000000  00001000  RWIX
  RAMGS_IPCBuffCPU1     0000c000   00001000  00000000  00001000  RWIX
  RAMGS_IPCBuffCPU2     0000d000   00001000  00000000  00001000  RWIX
  RAMGS_DATA            0000e000   00007000  00000601  000069ff  RWIX
  CPU2TOCPU1RAM         0003f800   00000400  00000000  00000400  RWIX
  CPU1TOCPU2RAM         0003fc00   00000400  00000000  00000400  RWIX
  EMIF1                 00047000   00000800  00000028  000007d8  RWIX
  EMIF2                 00047800   00000800  00000028  000007d8  RWIX
  CANA                  00048000   00000200  00000164  0000009c  RWIX
  CANB                  0004a000   00000200  00000164  0000009c  RWIX
  IPC                   00050000   00000024  00000024  00000000  RWIX
  FLASHPUMPSEMAPHORE    00050024   00000002  00000002  00000000  RWIX
  DEV_CFG               0005d000   00000180  0000012e  00000052  RWIX
  ANALOG_SUBSYS         0005d180   00000080  0000003e  00000042  RWIX
  CLK_CFG               0005d200   00000100  00000032  000000ce  RWIX
  CPU_SYS               0005d300   00000100  00000082  0000007e  RWIX
  ROMPREFETCH           0005e608   00000002  00000002  00000000  RWIX
  DCSM_Z1               0005f000   00000030  00000022  0000000e  RWIX
  DCSM_Z2               0005f040   00000030  00000022  0000000e  RWIX
  DCSM_COMMON           0005f070   00000010  00000006  0000000a  RWIX
  MEMCFG                0005f400   00000080  00000076  0000000a  RWIX
  EMIF1CONFIG           0005f480   00000020  0000000a  00000016  RWIX
  EMIF2CONFIG           0005f4a0   00000020  0000000a  00000016  RWIX
  ACCESSPROTECTION      0005f4c0   00000040  0000002e  00000012  RWIX
  MEMORYERROR           0005f500   00000040  0000003a  00000006  RWIX
  ROMWAITSTATE          0005f540   00000002  00000002  00000000  RWIX
  FLASH0_CTRL           0005f800   00000300  00000182  0000017e  RWIX
  FLASH0_ECC            0005fb00   00000040  00000028  00000018  RWIX
  UID                   000703c0   00000010  00000010  00000000  RWIX
  DCSM_Z1_OTP           00078000   00000020  00000000  00000020  RWIX
  DCSM_Z2_OTP           00078200   00000020  00000000  00000020  RWIX


SECTION ALLOCATION MAP

 output                                  attributes/
section   page    origin      length       input sections
--------  ----  ----------  ----------   ----------------
IQmath     0    00008000    00000000     UNINITIALIZED

codestart 
*          0    00080000    00000002     
                  00080000    00000002     F2837xD_CodeStartBranch.obj (codestart)

.text      0    000800b0    000043fd     
                  000800b0    00000c2f     xcp_daq.obj (.text)
                  00080cdf    0000068c     frequency_response.obj (.text)
                  0008136b    00000585     F2837xD_DefaultISR.obj (.text:retain)
                  000818f0    000004aa     F2837xD_SysCtrl.obj (.text)
                  00081d9a    00000477     xcp_mem_default.obj (.text)
                  00082211    000003bd     xcp.obj (.text)
                  000825ce    000002ea     xcp_transport.obj (.text)
                  000828b8    000002da     F2837xD_Ipc_Driver_Lite.obj (.text)
                  00082b92    000002a7     c2837xDBoard_Realtime_Support.obj (.text)
                  00082e39    00000244     F2837xD_Gpio.obj (.text)
                  0008307d    0000022a     xcp_standard.obj (.text)
                  000832a7    00000212     xcp_frame_serial.obj (.text)
                  000834b9    000001b3     xcp_ext_common.obj (.text)
                  0008366c    000001ae     xcp_ext_classic_trigger.obj (.text)
                  0008381a    0000016f     xcp_ext_mode.obj (.text)
                  00083989    00000168     xcp_drv_rtiostream.obj (.text)
                  00083af1    00000151     rtiostream_serial_c28x.obj (.text)
                  00083c42    000000f0     c2837xDBoard_Realtime_Support.obj (.text:retain)
                  00083d32    000000d4     xcp_calibration.obj (.text)
                  00083e06    000000c7     ert_main.obj (.text)
                  00083ecd    000000b9     datamodify_xcp.obj (.text)
                  00083f86    000000af     MW_c28xx_board.obj (.text)
                  00084035    0000007c     F2837xD_CpuTimers.obj (.text)
                  000840b1    0000006f     c2837xDSchedulerTimer0.obj (.text)
                  00084120    0000005f     xcp_fifo.obj (.text)
                  0008417f    0000005a     xcp_utils.obj (.text)
                  000841d9    00000059     rts2800_fpu32.lib : s_floorf.c.obj (.text)
                  00084232    00000056                       : boot28.asm.obj (.text)
                  00084288    0000004e     MW_c28xx_qep.obj (.text)
                  000842d6    00000044     c2837xDSchedulerTimer0.obj (.text:retain)
                  0008431a    00000037     MW_c28xx_pwm.obj (.text)
                  00084351    00000034     MW_c28xGPIO.obj (.text)
                  00084385    00000029     rts2800_fpu32.lib : exit.c.obj (.text)
                  000843ae    00000028     F2837xD_PieCtrl.obj (.text)
                  000843d6    00000026     F2837xD_PieVect.obj (.text)
                  000843fc    00000024     rts2800_fpu32.lib : cpy_tbl.c.obj (.text)
                  00084420    0000001f     xcp_ext_param_default_serial.obj (.text)
                  0008443f    0000001d     rts2800_fpu32.lib : memcpy.c.obj (.text)
                  0008445c    00000012     MW_c28xGlobalInterrupts.obj (.text)
                  0008446e    00000012     rts2800_fpu32.lib : args_main.c.obj (.text)
                  00084480    0000000b                       : u_div28.asm.obj (.text)
                  0008448b    00000009                       : _lock.c.obj (.text)
                  00084494    00000008     F2837xD_CodeStartBranch.obj (.text)
                  0008449c    00000007     memcpy_fast.obj (.text)
                  000844a3    00000007     rts2800_fpu32.lib : memset.c.obj (.text)
                  000844aa    00000002                       : pre_init.c.obj (.text)
                  000844ac    00000001                       : startup.c.obj (.text)

.cinit     0    000846fc    00000206     
                  000846fc    00000099     frequency_response_data.obj (.cinit)
                  00084795    0000005b     xcp_ext_classic_trigger.obj (.cinit)
                  000847f0    00000053     xcp_ext_common.obj (.cinit)
                  00084843    0000001e     xcp_daq.obj (.cinit)
                  00084861    00000014     xcp.obj (.cinit)
                  00084875    00000014     xcp_frame_serial.obj (.cinit)
                  00084889    0000000f     c2837xDBoard_Realtime_Support.obj (.cinit)
                  00084898    0000000f     xcp_standard.obj (.cinit)
                  000848a7    0000000e     rts2800_fpu32.lib : exit.c.obj (.cinit)
                  000848b5    00000009     xcp_mem_default.obj (.cinit:_xcpMemMainBlockSizes)
                  000848be    00000009     xcp_mem_default.obj (.cinit:_xcpMemMainBlocksNumber)
                  000848c7    00000008     ert_main.obj (.cinit)
                  000848cf    00000008     xcp_drv_rtiostream.obj (.cinit)
                  000848d7    00000008     xcp_transport.obj (.cinit)
                  000848df    00000005     rts2800_fpu32.lib : _lock.c.obj (.cinit:__lock)
                  000848e4    00000005                       : _lock.c.obj (.cinit:__unlock)
                  000848e9    00000005     xcp_ext_common.obj (.cinit:_xcpCurrentSimulationTimeInTicks)
                  000848ee    00000005     rtiostream_serial_c28x.obj (.cinit)
                  000848f3    00000005     xcp_calibration.obj (.cinit)
                  000848f8    00000004     MW_c28xGPIO.obj (.cinit)
                  000848fc    00000004     MW_c28xGlobalInterrupts.obj (.cinit)
                  00084900    00000002     --HOLE-- [fill = 0]

.switch    0    00084904    00000060     
                  00084904    00000024     c2837xDBoard_Realtime_Support.obj (.switch:_CPU02toCPU01IPC0IntHandler)
                  00084928    00000020     xcp.obj (.switch:_genericOutputPacketHandler)
                  00084948    0000001c     c2837xDBoard_Realtime_Support.obj (.switch:_setInXBARForCPU2)

AdcaResultRegsFile 
*          1    00000b00    00000018     UNINITIALIZED
                  00000b00    00000018     F2837xD_GlobalVariableDefs.obj (AdcaResultRegsFile)

AdcbResultRegsFile 
*          1    00000b20    00000018     UNINITIALIZED
                  00000b20    00000018     F2837xD_GlobalVariableDefs.obj (AdcbResultRegsFile)

AdccResultRegsFile 
*          1    00000b40    00000018     UNINITIALIZED
                  00000b40    00000018     F2837xD_GlobalVariableDefs.obj (AdccResultRegsFile)

AdcdResultRegsFile 
*          1    00000b60    00000018     UNINITIALIZED
                  00000b60    00000018     F2837xD_GlobalVariableDefs.obj (AdcdResultRegsFile)

CpuTimer0RegsFile 
*          1    00000c00    00000008     UNINITIALIZED
                  00000c00    00000008     F2837xD_GlobalVariableDefs.obj (CpuTimer0RegsFile)

CpuTimer1RegsFile 
*          1    00000c08    00000008     UNINITIALIZED
                  00000c08    00000008     F2837xD_GlobalVariableDefs.obj (CpuTimer1RegsFile)

CpuTimer2RegsFile 
*          1    00000c10    00000008     UNINITIALIZED
                  00000c10    00000008     F2837xD_GlobalVariableDefs.obj (CpuTimer2RegsFile)

PieCtrlRegsFile 
*          1    00000ce0    0000001a     UNINITIALIZED
                  00000ce0    0000001a     F2837xD_GlobalVariableDefs.obj (PieCtrlRegsFile)

PieVectTableFile 
*          1    00000d00    000001c0     UNINITIALIZED
                  00000d00    000001c0     F2837xD_GlobalVariableDefs.obj (PieVectTableFile)

EmuKeyVar 
*          1    00000d00    00000000     UNINITIALIZED

EmuBModeVar 
*          1    00000d00    00000000     UNINITIALIZED

FlashCallbackVar 
*          1    00000d00    00000000     UNINITIALIZED

FlashScalingVar 
*          1    00000d00    00000000     UNINITIALIZED

Cla1RegsFile 
*          1    00001400    0000003e     UNINITIALIZED
                  00001400    0000003e     F2837xD_GlobalVariableDefs.obj (Cla1RegsFile)

Clb1LogicCfgRegsFile 
*          1    00003000    0000003e     UNINITIALIZED
                  00003000    0000003e     F2837xD_GlobalVariableDefs.obj (Clb1LogicCfgRegsFile)

Clb1LogicCtrlRegsFile 
*          1    00003100    00000040     UNINITIALIZED
                  00003100    00000040     F2837xD_GlobalVariableDefs.obj (Clb1LogicCtrlRegsFile)

Clb2LogicCfgRegsFile 
*          1    00003400    0000003e     UNINITIALIZED
                  00003400    0000003e     F2837xD_GlobalVariableDefs.obj (Clb2LogicCfgRegsFile)

Clb2LogicCtrlRegsFile 
*          1    00003500    00000040     UNINITIALIZED
                  00003500    00000040     F2837xD_GlobalVariableDefs.obj (Clb2LogicCtrlRegsFile)

Clb3LogicCfgRegsFile 
*          1    00003800    0000003e     UNINITIALIZED
                  00003800    0000003e     F2837xD_GlobalVariableDefs.obj (Clb3LogicCfgRegsFile)

Clb3LogicCtrlRegsFile 
*          1    00003900    00000040     UNINITIALIZED
                  00003900    00000040     F2837xD_GlobalVariableDefs.obj (Clb3LogicCtrlRegsFile)

Clb4LogicCfgRegsFile 
*          1    00003c00    0000003e     UNINITIALIZED
                  00003c00    0000003e     F2837xD_GlobalVariableDefs.obj (Clb4LogicCfgRegsFile)

Clb4LogicCtrlRegsFile 
*          1    00003d00    00000040     UNINITIALIZED
                  00003d00    00000040     F2837xD_GlobalVariableDefs.obj (Clb4LogicCtrlRegsFile)

EPwm1RegsFile 
*          1    00004000    00000100     UNINITIALIZED
                  00004000    00000100     F2837xD_GlobalVariableDefs.obj (EPwm1RegsFile)

EPwm2RegsFile 
*          1    00004100    00000100     UNINITIALIZED
                  00004100    00000100     F2837xD_GlobalVariableDefs.obj (EPwm2RegsFile)

EPwm3RegsFile 
*          1    00004200    00000100     UNINITIALIZED
                  00004200    00000100     F2837xD_GlobalVariableDefs.obj (EPwm3RegsFile)

EPwm4RegsFile 
*          1    00004300    00000100     UNINITIALIZED
                  00004300    00000100     F2837xD_GlobalVariableDefs.obj (EPwm4RegsFile)

EPwm5RegsFile 
*          1    00004400    00000100     UNINITIALIZED
                  00004400    00000100     F2837xD_GlobalVariableDefs.obj (EPwm5RegsFile)

EPwm6RegsFile 
*          1    00004500    00000100     UNINITIALIZED
                  00004500    00000100     F2837xD_GlobalVariableDefs.obj (EPwm6RegsFile)

EPwm7RegsFile 
*          1    00004600    00000100     UNINITIALIZED
                  00004600    00000100     F2837xD_GlobalVariableDefs.obj (EPwm7RegsFile)

EPwm8RegsFile 
*          1    00004700    00000100     UNINITIALIZED
                  00004700    00000100     F2837xD_GlobalVariableDefs.obj (EPwm8RegsFile)

EPwm9RegsFile 
*          1    00004800    00000100     UNINITIALIZED
                  00004800    00000100     F2837xD_GlobalVariableDefs.obj (EPwm9RegsFile)

EPwm10RegsFile 
*          1    00004900    00000100     UNINITIALIZED
                  00004900    00000100     F2837xD_GlobalVariableDefs.obj (EPwm10RegsFile)

EPwm11RegsFile 
*          1    00004a00    00000100     UNINITIALIZED
                  00004a00    00000100     F2837xD_GlobalVariableDefs.obj (EPwm11RegsFile)

EPwm12RegsFile 
*          1    00004b00    00000100     UNINITIALIZED
                  00004b00    00000100     F2837xD_GlobalVariableDefs.obj (EPwm12RegsFile)

ECap1RegsFile 
*          1    00005000    0000001a     UNINITIALIZED
                  00005000    0000001a     F2837xD_GlobalVariableDefs.obj (ECap1RegsFile)

ECap2RegsFile 
*          1    00005020    0000001a     UNINITIALIZED
                  00005020    0000001a     F2837xD_GlobalVariableDefs.obj (ECap2RegsFile)

ECap3RegsFile 
*          1    00005040    0000001a     UNINITIALIZED
                  00005040    0000001a     F2837xD_GlobalVariableDefs.obj (ECap3RegsFile)

ECap4RegsFile 
*          1    00005060    0000001a     UNINITIALIZED
                  00005060    0000001a     F2837xD_GlobalVariableDefs.obj (ECap4RegsFile)

ECap5RegsFile 
*          1    00005080    0000001a     UNINITIALIZED
                  00005080    0000001a     F2837xD_GlobalVariableDefs.obj (ECap5RegsFile)

ECap6RegsFile 
*          1    000050a0    0000001a     UNINITIALIZED
                  000050a0    0000001a     F2837xD_GlobalVariableDefs.obj (ECap6RegsFile)

EQep1RegsFile 
*          1    00005100    00000022     UNINITIALIZED
                  00005100    00000022     F2837xD_GlobalVariableDefs.obj (EQep1RegsFile)

EQep2RegsFile 
*          1    00005140    00000022     UNINITIALIZED
                  00005140    00000022     F2837xD_GlobalVariableDefs.obj (EQep2RegsFile)

EQep3RegsFile 
*          1    00005180    00000022     UNINITIALIZED
                  00005180    00000022     F2837xD_GlobalVariableDefs.obj (EQep3RegsFile)

DacaRegsFile 
*          1    00005c00    00000007     UNINITIALIZED
                  00005c00    00000007     F2837xD_GlobalVariableDefs.obj (DacaRegsFile)

DacbRegsFile 
*          1    00005c10    00000007     UNINITIALIZED
                  00005c10    00000007     F2837xD_GlobalVariableDefs.obj (DacbRegsFile)

DaccRegsFile 
*          1    00005c20    00000007     UNINITIALIZED
                  00005c20    00000007     F2837xD_GlobalVariableDefs.obj (DaccRegsFile)

Cmpss1RegsFile 
*          1    00005c80    0000001b     UNINITIALIZED
                  00005c80    0000001b     F2837xD_GlobalVariableDefs.obj (Cmpss1RegsFile)

Cmpss2RegsFile 
*          1    00005ca0    0000001b     UNINITIALIZED
                  00005ca0    0000001b     F2837xD_GlobalVariableDefs.obj (Cmpss2RegsFile)

Cmpss3RegsFile 
*          1    00005cc0    0000001b     UNINITIALIZED
                  00005cc0    0000001b     F2837xD_GlobalVariableDefs.obj (Cmpss3RegsFile)

Cmpss4RegsFile 
*          1    00005ce0    0000001b     UNINITIALIZED
                  00005ce0    0000001b     F2837xD_GlobalVariableDefs.obj (Cmpss4RegsFile)

Cmpss5RegsFile 
*          1    00005d00    0000001b     UNINITIALIZED
                  00005d00    0000001b     F2837xD_GlobalVariableDefs.obj (Cmpss5RegsFile)

Cmpss6RegsFile 
*          1    00005d20    0000001b     UNINITIALIZED
                  00005d20    0000001b     F2837xD_GlobalVariableDefs.obj (Cmpss6RegsFile)

Cmpss7RegsFile 
*          1    00005d40    0000001b     UNINITIALIZED
                  00005d40    0000001b     F2837xD_GlobalVariableDefs.obj (Cmpss7RegsFile)

Cmpss8RegsFile 
*          1    00005d60    0000001b     UNINITIALIZED
                  00005d60    0000001b     F2837xD_GlobalVariableDefs.obj (Cmpss8RegsFile)

I2caRegsFile 
*          1    00007300    00000022     UNINITIALIZED
                  00007300    00000022     F2837xD_GlobalVariableDefs.obj (I2caRegsFile)

I2cbRegsFile 
*          1    00007340    00000022     UNINITIALIZED
                  00007340    00000022     F2837xD_GlobalVariableDefs.obj (I2cbRegsFile)

AdcaRegsFile 
*          1    00007400    0000007c     UNINITIALIZED
                  00007400    0000007c     F2837xD_GlobalVariableDefs.obj (AdcaRegsFile)

AdcbRegsFile 
*          1    00007480    0000007c     UNINITIALIZED
                  00007480    0000007c     F2837xD_GlobalVariableDefs.obj (AdcbRegsFile)

AdccRegsFile 
*          1    00007500    0000007c     UNINITIALIZED
                  00007500    0000007c     F2837xD_GlobalVariableDefs.obj (AdccRegsFile)

AdcdRegsFile 
*          1    00007580    0000007c     UNINITIALIZED
                  00007580    0000007c     F2837xD_GlobalVariableDefs.obj (AdcdRegsFile)

CanaRegsFile 
*          1    00048000    00000164     UNINITIALIZED
                  00048000    00000164     F2837xD_GlobalVariableDefs.obj (CanaRegsFile)

CanbRegsFile 
*          1    0004a000    00000164     UNINITIALIZED
                  0004a000    00000164     F2837xD_GlobalVariableDefs.obj (CanbRegsFile)

AnalogSubsysRegsFile 
*          1    0005d180    0000003e     UNINITIALIZED
                  0005d180    0000003e     F2837xD_GlobalVariableDefs.obj (AnalogSubsysRegsFile)

Cla1SoftIntRegsFile 
*          1    00000ce0    00000000     DSECT

Clb1DataExchRegsFile 
*          1    00003200    00000108     UNINITIALIZED
                  00003200    00000108     F2837xD_GlobalVariableDefs.obj (Clb1DataExchRegsFile)

Clb2DataExchRegsFile 
*          1    00003600    00000108     UNINITIALIZED
                  00003600    00000108     F2837xD_GlobalVariableDefs.obj (Clb2DataExchRegsFile)

Clb3DataExchRegsFile 
*          1    00003a00    00000108     UNINITIALIZED
                  00003a00    00000108     F2837xD_GlobalVariableDefs.obj (Clb3DataExchRegsFile)

Clb4DataExchRegsFile 
*          1    00003e00    00000108     UNINITIALIZED
                  00003e00    00000108     F2837xD_GlobalVariableDefs.obj (Clb4DataExchRegsFile)

Sdfm1RegsFile 
*          1    00005e00    00000048     UNINITIALIZED
                  00005e00    00000048     F2837xD_GlobalVariableDefs.obj (Sdfm1RegsFile)

Sdfm2RegsFile 
*          1    00005e80    00000048     UNINITIALIZED
                  00005e80    00000048     F2837xD_GlobalVariableDefs.obj (Sdfm2RegsFile)

McbspaRegsFile 
*          1    00006000    00000024     UNINITIALIZED
                  00006000    00000024     F2837xD_GlobalVariableDefs.obj (McbspaRegsFile)

McbspbRegsFile 
*          1    00006040    00000024     UNINITIALIZED
                  00006040    00000024     F2837xD_GlobalVariableDefs.obj (McbspbRegsFile)

SpiaRegsFile 
*          1    00006100    00000010     UNINITIALIZED
                  00006100    00000010     F2837xD_GlobalVariableDefs.obj (SpiaRegsFile)

SpibRegsFile 
*          1    00006110    00000010     UNINITIALIZED
                  00006110    00000010     F2837xD_GlobalVariableDefs.obj (SpibRegsFile)

SpicRegsFile 
*          1    00006120    00000010     UNINITIALIZED
                  00006120    00000010     F2837xD_GlobalVariableDefs.obj (SpicRegsFile)

UppRegsFile 
*          1    00006200    00000048     UNINITIALIZED
                  00006200    00000048     F2837xD_GlobalVariableDefs.obj (UppRegsFile)

WdRegsFile 
*          1    00007000    0000002b     UNINITIALIZED
                  00007000    0000002b     F2837xD_GlobalVariableDefs.obj (WdRegsFile)

NmiIntruptRegsFile 
*          1    00007060    00000007     UNINITIALIZED
                  00007060    00000007     F2837xD_GlobalVariableDefs.obj (NmiIntruptRegsFile)

XintRegsFile 
*          1    00007070    0000000b     UNINITIALIZED
                  00007070    0000000b     F2837xD_GlobalVariableDefs.obj (XintRegsFile)

SciaRegsFile 
*          1    00007200    00000010     UNINITIALIZED
                  00007200    00000010     F2837xD_GlobalVariableDefs.obj (SciaRegsFile)

ScibRegsFile 
*          1    00007210    00000010     UNINITIALIZED
                  00007210    00000010     F2837xD_GlobalVariableDefs.obj (ScibRegsFile)

ScicRegsFile 
*          1    00007220    00000010     UNINITIALIZED
                  00007220    00000010     F2837xD_GlobalVariableDefs.obj (ScicRegsFile)

ScidRegsFile 
*          1    00007230    00000010     UNINITIALIZED
                  00007230    00000010     F2837xD_GlobalVariableDefs.obj (ScidRegsFile)

InputXbarRegsFile 
*          1    00007900    00000020     UNINITIALIZED
                  00007900    00000020     F2837xD_GlobalVariableDefs.obj (InputXbarRegsFile)

XbarRegsFile 
*          1    00007920    0000000e     UNINITIALIZED
                  00007920    0000000e     F2837xD_GlobalVariableDefs.obj (XbarRegsFile)

SyncSocRegsFile 
*          1    00007940    00000006     UNINITIALIZED
                  00007940    00000006     F2837xD_GlobalVariableDefs.obj (SyncSocRegsFile)

EPwmXbarRegsFile 
*          1    00007a00    00000040     UNINITIALIZED
                  00007a00    00000040     F2837xD_GlobalVariableDefs.obj (EPwmXbarRegsFile)

ClbXbarRegsFile 
*          1    00007a40    00000040     UNINITIALIZED
                  00007a40    00000040     F2837xD_GlobalVariableDefs.obj (ClbXbarRegsFile)

OutputXbarRegsFile 
*          1    00007a80    00000040     UNINITIALIZED
                  00007a80    00000040     F2837xD_GlobalVariableDefs.obj (OutputXbarRegsFile)

GpioCtrlRegsFile 
*          1    00007c00    00000180     UNINITIALIZED
                  00007c00    00000180     F2837xD_GlobalVariableDefs.obj (GpioCtrlRegsFile)

GpioDataRegsFile 
*          1    00007f00    00000030     UNINITIALIZED
                  00007f00    00000030     F2837xD_GlobalVariableDefs.obj (GpioDataRegsFile)

IpcRegsFile 
*          1    00050000    00000024     UNINITIALIZED
                  00050000    00000024     F2837xD_GlobalVariableDefs.obj (IpcRegsFile)

FlashPumpSemaphoreRegsFile 
*          1    00050024    00000002     UNINITIALIZED
                  00050024    00000002     F2837xD_GlobalVariableDefs.obj (FlashPumpSemaphoreRegsFile)

RomPrefetchRegsFile 
*          1    0005e608    00000002     UNINITIALIZED
                  0005e608    00000002     F2837xD_GlobalVariableDefs.obj (RomPrefetchRegsFile)

DcsmZ1RegsFile 
*          1    0005f000    00000022     UNINITIALIZED
                  0005f000    00000022     F2837xD_GlobalVariableDefs.obj (DcsmZ1RegsFile)

DcsmZ2RegsFile 
*          1    0005f040    00000022     UNINITIALIZED
                  0005f040    00000022     F2837xD_GlobalVariableDefs.obj (DcsmZ2RegsFile)

DcsmCommonRegsFile 
*          1    0005f070    00000006     UNINITIALIZED
                  0005f070    00000006     F2837xD_GlobalVariableDefs.obj (DcsmCommonRegsFile)

DmaRegsFile 
*          1    00001000    000000e0     UNINITIALIZED
                  00001000    000000e0     F2837xD_GlobalVariableDefs.obj (DmaRegsFile)

DmaClaSrcSelRegsFile 
*          1    00007980    0000001a     UNINITIALIZED
                  00007980    0000001a     F2837xD_GlobalVariableDefs.obj (DmaClaSrcSelRegsFile)

Emif1RegsFile 
*          1    00047000    00000028     UNINITIALIZED
                  00047000    00000028     F2837xD_GlobalVariableDefs.obj (Emif1RegsFile)

Emif2RegsFile 
*          1    00047800    00000028     UNINITIALIZED
                  00047800    00000028     F2837xD_GlobalVariableDefs.obj (Emif2RegsFile)

MemCfgRegsFile 
*          1    0005f400    00000076     UNINITIALIZED
                  0005f400    00000076     F2837xD_GlobalVariableDefs.obj (MemCfgRegsFile)

Emif1ConfigRegsFile 
*          1    0005f480    0000000a     UNINITIALIZED
                  0005f480    0000000a     F2837xD_GlobalVariableDefs.obj (Emif1ConfigRegsFile)

Emif2ConfigRegsFile 
*          1    0005f4a0    0000000a     UNINITIALIZED
                  0005f4a0    0000000a     F2837xD_GlobalVariableDefs.obj (Emif2ConfigRegsFile)

AccessProtectionRegsFile 
*          1    0005f4c0    0000002e     UNINITIALIZED
                  0005f4c0    0000002e     F2837xD_GlobalVariableDefs.obj (AccessProtectionRegsFile)

MemoryErrorRegsFile 
*          1    0005f500    0000003a     UNINITIALIZED
                  0005f500    0000003a     F2837xD_GlobalVariableDefs.obj (MemoryErrorRegsFile)

RomWaitStateRegsFile 
*          1    0005f540    00000002     UNINITIALIZED
                  0005f540    00000002     F2837xD_GlobalVariableDefs.obj (RomWaitStateRegsFile)

Flash0CtrlRegsFile 
*          1    0005f800    00000182     UNINITIALIZED
                  0005f800    00000182     F2837xD_GlobalVariableDefs.obj (Flash0CtrlRegsFile)

Flash0EccRegsFile 
*          1    0005fb00    00000028     UNINITIALIZED
                  0005fb00    00000028     F2837xD_GlobalVariableDefs.obj (Flash0EccRegsFile)

DevCfgRegsFile 
*          1    0005d000    0000012e     UNINITIALIZED
                  0005d000    0000012e     F2837xD_GlobalVariableDefs.obj (DevCfgRegsFile)

ClkCfgRegsFile 
*          1    0005d200    00000032     UNINITIALIZED
                  0005d200    00000032     F2837xD_GlobalVariableDefs.obj (ClkCfgRegsFile)

CpuSysRegsFile 
*          1    0005d300    00000082     UNINITIALIZED
                  0005d300    00000082     F2837xD_GlobalVariableDefs.obj (CpuSysRegsFile)

UidRegsFile 
*          1    000703c0    00000010     UNINITIALIZED
                  000703c0    00000010     F2837xD_GlobalVariableDefs.obj (UidRegsFile)

.pinit     0    00080004    00000000     UNINITIALIZED

ramfuncs   0    00080004    0000006c     RUN ADDR = 00008000
                  00080004    00000043     rtiostream_serial_c28x.obj (ramfuncs:retain)
                  00080047    00000029     datamodify_xcp.obj (ramfuncs)

.TI.ramfunc 
*          0    00080070    0000003f     RUN ADDR = 0000806c
                  00080070    00000037     F2837xD_SysCtrl.obj (.TI.ramfunc)
                  000800a7    00000004     F2837xD_usDelay.obj (.TI.ramfunc)
                  000800ab    00000004     sysctl.obj (.TI.ramfunc)

.econst    0    000844b0    0000024a     
                  000844b0    000001c0     F2837xD_PieVect.obj (.econst:_PieVectTableInit)
                  00084670    0000004e     xcp_daq.obj (.econst:_daqSupportedRxPacket)
                  000846be    0000002a     xcp_standard.obj (.econst:_standardSupportedRxPacket)
                  000846e8    0000000c     xcp_calibration.obj (.econst:_calibrationSupportedRxPacket)
                  000846f4    00000004     frequency_response.obj (.econst)
                  000846f8    00000002     rts2800_fpu32.lib : s_floorf.c.obj (.econst)

.stack     1    00000122    00000400     UNINITIALIZED
                  00000122    00000400     --HOLE--

.reset     0    003fffc0    00000002     DSECT
                  003fffc0    00000002     rts2800_fpu32.lib : boot28.asm.obj (.reset)

GETBUFFER 
*          0    0003f800    00000000     DSECT

GETWRITEIDX 
*          0    0003f800    00000000     DSECT

PUTREADIDX 
*          0    0003f800    00000000     DSECT

WRITEFLAG1CPU2 
*          0    0003f800    00000000     DSECT

WRITEFLAG2CPU2 
*          0    0003f800    00000000     DSECT

READFLAG1CPU2 
*          0    0003f800    00000000     DSECT

READFLAG2CPU2 
*          0    0003f800    00000000     DSECT

.ebss      1    0000e000    00000601     UNINITIALIZED
                  0000e000    00000326     xcp_mem_default.obj (.ebss:_xcpMemReservedPoolsChunk)
                  0000e326    00000018     F2837xD_CpuTimers.obj (.ebss)
                  0000e33e    00000002     rts2800_fpu32.lib : _lock.c.obj (.ebss:__lock)
                  0000e340    00000096     frequency_response_data.obj (.ebss)
                  0000e3d6    00000022     xcp_ext_common.obj (.ebss)
                  0000e3f8    00000008     xcp.obj (.ebss:_groupPacketLookup)
                  0000e400    00000087     xcp_mem_default.obj (.ebss:_xcpMemMainChunk)
                  0000e487    00000001     MW_c28xGPIO.obj (.ebss)
                  0000e488    0000001c     xcp_ext_classic_trigger.obj (.ebss)
                  0000e4a4    00000018     xcp_daq.obj (.ebss)
                  0000e4bc    00000004     xcp_transport.obj (.ebss:_rxFifo)
                  0000e4c0    00000068     frequency_response.obj (.ebss)
                  0000e528    00000008     xcp_transport.obj (.ebss:_txFifo)
                  0000e530    00000008     c2837xDBoard_Realtime_Support.obj (.ebss)
                  0000e538    00000008     xcp_standard.obj (.ebss)
                  0000e540    00000042     datamodify_xcp.obj (.ebss)
                  0000e582    0000003c     xcp_mem_default.obj (.ebss:_xcpMemPoolDescriptors)
                  0000e5be    00000002     rts2800_fpu32.lib : _lock.c.obj (.ebss:__unlock)
                  0000e5c0    00000006     frequency_response.obj (.ebss:_systemRan$3)
                  0000e5c6    00000006     xcp_mem_default.obj (.ebss:_xcpMemMainBlockSizes)
                  0000e5cc    00000006     xcp_mem_default.obj (.ebss:_xcpMemMainBlocksNumber)
                  0000e5d2    00000006     rts2800_fpu32.lib : exit.c.obj (.ebss)
                  0000e5d8    00000005     xcp.obj (.ebss)
                  0000e5dd    00000005     xcp_frame_serial.obj (.ebss)
                  0000e5e2    00000004     xcp_ext_common.obj (.ebss:_xcpCurrentSimulationTimeInTicks)
                  0000e5e6    00000004     xcp_ext_mode.obj (.ebss:_xcpCustomTriggerFunction)
                  0000e5ea    00000004     xcp_mem_default.obj (.ebss:_xcpMemCustomPoolDescriptors)
                  0000e5ee    00000004     ert_main.obj (.ebss)
                  0000e5f2    00000004     xcp_mem_default.obj (.ebss)
                  0000e5f6    00000004     xcp_transport.obj (.ebss)
                  0000e5fa    00000002     rtiostream_serial_c28x.obj (.ebss)
                  0000e5fc    00000002     xcp_calibration.obj (.ebss)
                  0000e5fe    00000002     xcp_drv_rtiostream.obj (.ebss)
                  0000e600    00000001     MW_c28xGlobalInterrupts.obj (.ebss)

MODULE SUMMARY

       Module                              code    initialized data   uninitialized data
       ------                              ----    ----------------   ------------------
    <current directory>
       F2837xD_GlobalVariableDefs.obj      0       0                  9870              
       xcp_daq.obj                         3119    108                24                
       xcp_mem_default.obj                 1143    18                 1021              
       frequency_response.obj              1676    4                  110               
       F2837xD_DefaultISR.obj              1413    0                  0                 
       F2837xD_SysCtrl.obj                 1304    0                  0                 
       xcp.obj                             957     52                 13                
       c2837xDBoard_Realtime_Support.obj   919     79                 8                 
       xcp_transport.obj                   746     8                  16                
       F2837xD_Ipc_Driver_Lite.obj         730     0                  0                 
       xcp_standard.obj                    554     57                 8                 
       F2837xD_Gpio.obj                    580     0                  0                 
       xcp_ext_common.obj                  435     88                 38                
       xcp_frame_serial.obj                530     20                 5                 
       xcp_ext_classic_trigger.obj         430     91                 28                
       F2837xD_PieVect.obj                 38      448                0                 
       rtiostream_serial_c28x.obj          471     5                  2                 
       xcp_ext_mode.obj                    367     0                  4                 
       xcp_drv_rtiostream.obj              360     8                  2                 
       datamodify_xcp.obj                  267     0                  66                
       frequency_response_data.obj         0       153                150               
       xcp_calibration.obj                 212     17                 2                 
       ert_main.obj                        199     8                  4                 
       c2837xDSchedulerTimer0.obj          179     0                  0                 
       MW_c28xx_board.obj                  175     0                  0                 
       F2837xD_CpuTimers.obj               124     0                  24                
       xcp_fifo.obj                        95      0                  0                 
       xcp_utils.obj                       90      0                  0                 
       MW_c28xx_qep.obj                    78      0                  0                 
       MW_c28xGPIO.obj                     52      4                  1                 
       MW_c28xx_pwm.obj                    55      0                  0                 
       F2837xD_PieCtrl.obj                 40      0                  0                 
       xcp_ext_param_default_serial.obj    31      0                  0                 
       MW_c28xGlobalInterrupts.obj         18      4                  1                 
       F2837xD_CodeStartBranch.obj         10      0                  0                 
       F2837xD_usDelay.obj                 8       0                  0                 
       sysctl.obj                          8       0                  0                 
       memcpy_fast.obj                     7       0                  0                 
    +--+-----------------------------------+-------+------------------+--------------------+
       Total:                              17420   1172               11397             
                                                                                        
    C:/PROGRA~3/MATLAB/tic2000/3P778C~1.INS/TIC28X~1.INS/TI-CGT~1.LTS/lib/rts2800_fpu32.lib
       s_floorf.c.obj                      89      2                  0                 
       boot28.asm.obj                      86      0                  0                 
       exit.c.obj                          41      14                 6                 
       cpy_tbl.c.obj                       36      0                  0                 
       memcpy.c.obj                        29      0                  0                 
       _lock.c.obj                         9       10                 4                 
       args_main.c.obj                     18      0                  0                 
       u_div28.asm.obj                     11      0                  0                 
       memset.c.obj                        7       0                  0                 
       pre_init.c.obj                      2       0                  0                 
       startup.c.obj                       1       0                  0                 
    +--+-----------------------------------+-------+------------------+--------------------+
       Total:                              329     26                 10                
                                                                                        
       Stack:                              0       0                  1024              
    +--+-----------------------------------+-------+------------------+--------------------+
       Grand Total:                        17749   1198               12431             


GLOBAL DATA SYMBOLS: SORTED BY DATA PAGE

address     data page           name
--------    ----------------    ----
00000122       4 (00000100)     __stack

00000b00      2c (00000b00)     _AdcaResultRegs
00000b20      2c (00000b00)     _AdcbResultRegs

00000b40      2d (00000b40)     _AdccResultRegs
00000b60      2d (00000b40)     _AdcdResultRegs

00000c00      30 (00000c00)     _CpuTimer0Regs
00000c08      30 (00000c00)     _CpuTimer1Regs
00000c10      30 (00000c00)     _CpuTimer2Regs

00000ce0      33 (00000cc0)     _PieCtrlRegs

00000d00      34 (00000d00)     _PieVectTable

00001000      40 (00001000)     _DmaRegs

00001400      50 (00001400)     _Cla1Regs

00003000      c0 (00003000)     _Clb1LogicCfgRegs

00003100      c4 (00003100)     _Clb1LogicCtrlRegs

00003200      c8 (00003200)     _Clb1DataExchRegs

00003400      d0 (00003400)     _Clb2LogicCfgRegs

00003500      d4 (00003500)     _Clb2LogicCtrlRegs

00003600      d8 (00003600)     _Clb2DataExchRegs

00003800      e0 (00003800)     _Clb3LogicCfgRegs

00003900      e4 (00003900)     _Clb3LogicCtrlRegs

00003a00      e8 (00003a00)     _Clb3DataExchRegs

00003c00      f0 (00003c00)     _Clb4LogicCfgRegs

00003d00      f4 (00003d00)     _Clb4LogicCtrlRegs

00003e00      f8 (00003e00)     _Clb4DataExchRegs

00004000     100 (00004000)     _EPwm1Regs

00004100     104 (00004100)     _EPwm2Regs

00004200     108 (00004200)     _EPwm3Regs

00004300     10c (00004300)     _EPwm4Regs

00004400     110 (00004400)     _EPwm5Regs

00004500     114 (00004500)     _EPwm6Regs

00004600     118 (00004600)     _EPwm7Regs

00004700     11c (00004700)     _EPwm8Regs

00004800     120 (00004800)     _EPwm9Regs

00004900     124 (00004900)     _EPwm10Regs

00004a00     128 (00004a00)     _EPwm11Regs

00004b00     12c (00004b00)     _EPwm12Regs

00005000     140 (00005000)     _ECap1Regs
00005020     140 (00005000)     _ECap2Regs

00005040     141 (00005040)     _ECap3Regs
00005060     141 (00005040)     _ECap4Regs

00005080     142 (00005080)     _ECap5Regs
000050a0     142 (00005080)     _ECap6Regs

00005100     144 (00005100)     _EQep1Regs

00005140     145 (00005140)     _EQep2Regs

00005180     146 (00005180)     _EQep3Regs

00005c00     170 (00005c00)     _DacaRegs
00005c10     170 (00005c00)     _DacbRegs
00005c20     170 (00005c00)     _DaccRegs

00005c80     172 (00005c80)     _Cmpss1Regs
00005ca0     172 (00005c80)     _Cmpss2Regs

00005cc0     173 (00005cc0)     _Cmpss3Regs
00005ce0     173 (00005cc0)     _Cmpss4Regs

00005d00     174 (00005d00)     _Cmpss5Regs
00005d20     174 (00005d00)     _Cmpss6Regs

00005d40     175 (00005d40)     _Cmpss7Regs
00005d60     175 (00005d40)     _Cmpss8Regs

00005e00     178 (00005e00)     _Sdfm1Regs

00005e80     17a (00005e80)     _Sdfm2Regs

00006000     180 (00006000)     _McbspaRegs

00006040     181 (00006040)     _McbspbRegs

00006100     184 (00006100)     _SpiaRegs
00006110     184 (00006100)     _SpibRegs
00006120     184 (00006100)     _SpicRegs

00006200     188 (00006200)     _UppRegs

00007000     1c0 (00007000)     _WdRegs

00007060     1c1 (00007040)     _NmiIntruptRegs
00007070     1c1 (00007040)     _XintRegs

00007200     1c8 (00007200)     _SciaRegs
00007210     1c8 (00007200)     _ScibRegs
00007220     1c8 (00007200)     _ScicRegs
00007230     1c8 (00007200)     _ScidRegs

00007300     1cc (00007300)     _I2caRegs

00007340     1cd (00007340)     _I2cbRegs

00007400     1d0 (00007400)     _AdcaRegs

00007480     1d2 (00007480)     _AdcbRegs

00007500     1d4 (00007500)     _AdccRegs

00007580     1d6 (00007580)     _AdcdRegs

00007900     1e4 (00007900)     _InputXbarRegs
00007920     1e4 (00007900)     _XbarRegs

00007940     1e5 (00007940)     _SyncSocRegs

00007980     1e6 (00007980)     _DmaClaSrcSelRegs

00007a00     1e8 (00007a00)     _EPwmXbarRegs

00007a40     1e9 (00007a40)     _ClbXbarRegs

00007a80     1ea (00007a80)     _OutputXbarRegs

00007c00     1f0 (00007c00)     _GpioCtrlRegs

00007f00     1fc (00007f00)     _GpioDataRegs

0000e326     38c (0000e300)     _CpuTimer0
0000e32e     38c (0000e300)     _CpuTimer1
0000e336     38c (0000e300)     _CpuTimer2
0000e33e     38c (0000e300)     __lock

0000e340     38d (0000e340)     _frequency_response_P

0000e3d6     38f (0000e3c0)     _xcpModelStartRequest
0000e3d7     38f (0000e3c0)     _xcpModelStopRequest
0000e3d8     38f (0000e3c0)     _xcpModelStatus
0000e3d9     38f (0000e3c0)     _xcpExtmodeSimulationComplete
0000e3dc     38f (0000e3c0)     _xcpModelChecksum0
0000e3de     38f (0000e3c0)     _xcpModelChecksum1
0000e3e0     38f (0000e3c0)     _xcpModelChecksum2
0000e3e2     38f (0000e3c0)     _xcpModelChecksum3
0000e3e4     38f (0000e3c0)     _xcpModelIntegerCode
0000e3e6     38f (0000e3c0)     _xcpExtmodeFinalSimulationTime
0000e3e8     38f (0000e3c0)     _xcpDummyDoubleVariable
0000e3f4     38f (0000e3c0)     _xcpDummyUint64Variable

0000e487     392 (0000e480)     _GPIO_oneTimeInit
0000e488     392 (0000e480)     _xcpClassicTriggerEventId
0000e489     392 (0000e480)     _xcpClassicTriggerSignalAddressExtension
0000e48a     392 (0000e480)     _xcpClassicTriggerDirection
0000e48b     392 (0000e480)     _xcpClassicTriggerArmRequest
0000e48c     392 (0000e480)     _xcpClassicTriggerCancelRequest
0000e48d     392 (0000e480)     _xcpClassicTriggerSource
0000e48e     392 (0000e480)     _xcpClassicTriggerMode
0000e48f     392 (0000e480)     _xcpClassicTriggerStatus
0000e496     392 (0000e480)     _xcpClassicTriggerSignalAddress
0000e498     392 (0000e480)     _xcpClassicTriggerLevel
0000e49a     392 (0000e480)     _xcpClassicTriggerDuration
0000e49c     392 (0000e480)     _xcpClassicTriggerHoldOff
0000e49e     392 (0000e480)     _xcpClassicTriggerDelay

0000e4ca     393 (0000e4c0)     _frequency_response_B

0000e500     394 (0000e500)     _frequency_response_DW
0000e530     394 (0000e500)     _ErrorFlag
0000e532     394 (0000e500)     _CIPC0_INT_fptr
0000e534     394 (0000e500)     _mwInitStart
0000e536     394 (0000e500)     _mwInitEnd

0000e540     395 (0000e540)     _queRx

0000e5be     396 (0000e580)     __unlock

0000e5d2     397 (0000e5c0)     ___TI_enable_exit_profile_output
0000e5d4     397 (0000e5c0)     ___TI_cleanup_ptr
0000e5d6     397 (0000e5c0)     ___TI_dtors_ptr
0000e5e2     397 (0000e5c0)     _xcpCurrentSimulationTimeInTicks
0000e5ee     397 (0000e5c0)     _IsrOverrun
0000e5f0     397 (0000e5c0)     _stopRequested
0000e5f1     397 (0000e5c0)     _runModel
0000e5fa     397 (0000e5c0)     _MW_SCI_PTR

0000e600     398 (0000e600)     _MW_InterruptDisableLock

00047000    11c0 (00047000)     _Emif1Regs

00047800    11e0 (00047800)     _Emif2Regs

00048000    1200 (00048000)     _CanaRegs

0004a000    1280 (0004a000)     _CanbRegs

00050000    1400 (00050000)     _IpcRegs
00050024    1400 (00050000)     _FlashPumpSemaphoreRegs

0005d000    1740 (0005d000)     _DevCfgRegs

0005d180    1746 (0005d180)     _AnalogSubsysRegs

0005d200    1748 (0005d200)     _ClkCfgRegs

0005d300    174c (0005d300)     _CpuSysRegs

0005e608    1798 (0005e600)     _RomPrefetchRegs

0005f000    17c0 (0005f000)     _DcsmZ1Regs

0005f040    17c1 (0005f040)     _DcsmZ2Regs
0005f070    17c1 (0005f040)     _DcsmCommonRegs

0005f400    17d0 (0005f400)     _MemCfgRegs

0005f480    17d2 (0005f480)     _Emif1ConfigRegs
0005f4a0    17d2 (0005f480)     _Emif2ConfigRegs

0005f4c0    17d3 (0005f4c0)     _AccessProtectionRegs

0005f500    17d4 (0005f500)     _MemoryErrorRegs

0005f540    17d5 (0005f540)     _RomWaitStateRegs

0005f800    17e0 (0005f800)     _Flash0CtrlRegs

0005fb00    17ec (0005fb00)     _Flash0EccRegs

000703c0    1c0f (000703c0)     _UidRegs

000844b0    2112 (00084480)     _PieVectTableInit

000846f6    211b (000846c0)     _frequency_response_M


GLOBAL SYMBOLS: SORTED ALPHABETICALLY BY Name 

page  address   name                                            
----  -------   ----                                            
0     000800b0  .text                                           
0     00084385  C$$EXIT                                         
0     00084480  U$$DIV                                          
0     00084485  U$$MOD                                          
0     00081429  _ADCA1_ISR                                      
0     000816a9  _ADCA2_ISR                                      
0     000816b3  _ADCA3_ISR                                      
0     000816bd  _ADCA4_ISR                                      
0     0008169f  _ADCA_EVT_ISR                                   
0     00081433  _ADCB1_ISR                                      
0     000816d1  _ADCB2_ISR                                      
0     000816db  _ADCB3_ISR                                      
0     000816e5  _ADCB4_ISR                                      
0     000816c7  _ADCB_EVT_ISR                                   
0     0008143d  _ADCC1_ISR                                      
0     00081839  _ADCC2_ISR                                      
0     00081843  _ADCC3_ISR                                      
0     0008184d  _ADCC4_ISR                                      
0     0008182f  _ADCC_EVT_ISR                                   
0     0008145b  _ADCD1_ISR                                      
0     00081861  _ADCD2_ISR                                      
0     0008186b  _ADCD3_ISR                                      
0     00081875  _ADCD4_ISR                                      
0     00081857  _ADCD_EVT_ISR                                   
0     000818b1  _AUX_PLL_SLIP_ISR                               
1     0005f4c0  _AccessProtectionRegs                           
1     00007400  _AdcaRegs                                       
1     00000b00  _AdcaResultRegs                                 
1     00007480  _AdcbRegs                                       
1     00000b20  _AdcbResultRegs                                 
1     00007500  _AdccRegs                                       
1     00000b40  _AdccResultRegs                                 
1     00007580  _AdcdRegs                                       
1     00000b60  _AdcdResultRegs                                 
1     0005d180  _AnalogSubsysRegs                               
0     00081d29  _AuxAuxClkSel                                   
0     00081d13  _AuxIntOsc2Sel                                  
0     00081d1d  _AuxXtalOscSel                                  
0     00083f16  _BytePacker16bits                               
0     00083ef0  _BytePacker32bits                               
0     00083ecd  _BytePackerInplace32bits                        
0     00081677  _CANA0_ISR                                      
0     00081681  _CANA1_ISR                                      
0     0008168b  _CANB0_ISR                                      
0     00081695  _CANB1_ISR                                      
1     0000e532  _CIPC0_INT_fptr                                 
0     000816ef  _CLA1_1_ISR                                     
0     000816f9  _CLA1_2_ISR                                     
0     00081703  _CLA1_3_ISR                                     
0     0008170d  _CLA1_4_ISR                                     
0     00081717  _CLA1_5_ISR                                     
0     00081721  _CLA1_6_ISR                                     
0     0008172b  _CLA1_7_ISR                                     
0     00081735  _CLA1_8_ISR                                     
0     000818bb  _CLA_OVERFLOW_ISR                               
0     000818c5  _CLA_UNDERFLOW_ISR                              
0     00083c42  _CPU02toCPU01IPC0IntHandler                     
1     00048000  _CanaRegs                                       
1     0004a000  _CanbRegs                                       
1     00001400  _Cla1Regs                                       
1     00003200  _Clb1DataExchRegs                               
1     00003000  _Clb1LogicCfgRegs                               
1     00003100  _Clb1LogicCtrlRegs                              
1     00003600  _Clb2DataExchRegs                               
1     00003400  _Clb2LogicCfgRegs                               
1     00003500  _Clb2LogicCtrlRegs                              
1     00003a00  _Clb3DataExchRegs                               
1     00003800  _Clb3LogicCfgRegs                               
1     00003900  _Clb3LogicCtrlRegs                              
1     00003e00  _Clb4DataExchRegs                               
1     00003c00  _Clb4LogicCfgRegs                               
1     00003d00  _Clb4LogicCtrlRegs                              
1     00007a40  _ClbXbarRegs                                    
1     0005d200  _ClkCfgRegs                                     
1     00005c80  _Cmpss1Regs                                     
1     00005ca0  _Cmpss2Regs                                     
1     00005cc0  _Cmpss3Regs                                     
1     00005ce0  _Cmpss4Regs                                     
1     00005d00  _Cmpss5Regs                                     
1     00005d20  _Cmpss6Regs                                     
1     00005d40  _Cmpss7Regs                                     
1     00005d60  _Cmpss8Regs                                     
0     00084076  _ConfigCpuTimer                                 
0     00081d7d  _ConfigureTMXAnalogTrim                         
1     0005d300  _CpuSysRegs                                     
1     0000e326  _CpuTimer0                                      
1     00000c00  _CpuTimer0Regs                                  
1     0000e32e  _CpuTimer1                                      
1     00000c08  _CpuTimer1Regs                                  
1     0000e336  _CpuTimer2                                      
1     00000c10  _CpuTimer2Regs                                  
0     00081cbe  _CsmUnlock                                      
0     0008137f  _DATALOG_ISR                                    
0     000815c3  _DMA_CH1_ISR                                    
0     000815cd  _DMA_CH2_ISR                                    
0     000815d7  _DMA_CH3_ISR                                    
0     000815e1  _DMA_CH4_ISR                                    
0     000815eb  _DMA_CH5_ISR                                    
0     000815f5  _DMA_CH6_ISR                                    
1     00005c00  _DacaRegs                                       
1     00005c10  _DacbRegs                                       
1     00005c20  _DaccRegs                                       
1     0005f070  _DcsmCommonRegs                                 
1     0005f000  _DcsmZ1Regs                                     
1     0005f040  _DcsmZ2Regs                                     
0     00082b8b  _DelayLoop                                      
1     0005d000  _DevCfgRegs                                     
0     000819d3  _DisableDog                                     
0     00081994  _DisablePeripheralClocks                        
1     00007980  _DmaClaSrcSelRegs                               
1     00001000  _DmaRegs                                        
0     00081519  _ECAP1_ISR                                      
0     00081523  _ECAP2_ISR                                      
0     0008152d  _ECAP3_ISR                                      
0     00081537  _ECAP4_ISR                                      
0     00081541  _ECAP5_ISR                                      
0     0008154b  _ECAP6_ISR                                      
1     00005000  _ECap1Regs                                      
1     00005020  _ECap2Regs                                      
1     00005040  _ECap3Regs                                      
1     00005060  _ECap4Regs                                      
1     00005080  _ECap5Regs                                      
1     000050a0  _ECap6Regs                                      
0     0008187f  _EMIF_ERROR_ISR                                 
0     000818d9  _EMPTY_ISR                                      
0     00081393  _EMU_ISR                                        
0     000817d5  _EPWM10_ISR                                     
0     000817ad  _EPWM10_TZ_ISR                                  
0     000817df  _EPWM11_ISR                                     
0     000817b7  _EPWM11_TZ_ISR                                  
0     000817e9  _EPWM12_ISR                                     
0     000817c1  _EPWM12_TZ_ISR                                  
0     000814c9  _EPWM1_ISR                                      
0     00081479  _EPWM1_TZ_ISR                                   
0     000814d3  _EPWM2_ISR                                      
0     00081483  _EPWM2_TZ_ISR                                   
0     000814dd  _EPWM3_ISR                                      
0     0008148d  _EPWM3_TZ_ISR                                   
0     000814e7  _EPWM4_ISR                                      
0     00081497  _EPWM4_TZ_ISR                                   
0     000814f1  _EPWM5_ISR                                      
0     000814a1  _EPWM5_TZ_ISR                                   
0     000814fb  _EPWM6_ISR                                      
0     000814ab  _EPWM6_TZ_ISR                                   
0     00081505  _EPWM7_ISR                                      
0     000814b5  _EPWM7_TZ_ISR                                   
0     0008150f  _EPWM8_ISR                                      
0     000814bf  _EPWM8_TZ_ISR                                   
0     000817cb  _EPWM9_ISR                                      
0     000817a3  _EPWM9_TZ_ISR                                   
1     00004900  _EPwm10Regs                                     
1     00004a00  _EPwm11Regs                                     
1     00004b00  _EPwm12Regs                                     
1     00004000  _EPwm1Regs                                      
1     00004100  _EPwm2Regs                                      
1     00004200  _EPwm3Regs                                      
1     00004300  _EPwm4Regs                                      
1     00004400  _EPwm5Regs                                      
1     00004500  _EPwm6Regs                                      
1     00004600  _EPwm7Regs                                      
1     00004700  _EPwm8Regs                                      
1     00004800  _EPwm9Regs                                      
1     00007a00  _EPwmXbarRegs                                   
0     00081555  _EQEP1_ISR                                      
0     0008155f  _EQEP2_ISR                                      
0     00081569  _EQEP3_ISR                                      
1     00005100  _EQep1Regs                                      
1     00005140  _EQep2Regs                                      
1     00005180  _EQep3Regs                                      
1     0005f480  _Emif1ConfigRegs                                
1     00047000  _Emif1Regs                                      
1     0005f4a0  _Emif2ConfigRegs                                
1     00047800  _Emif2Regs                                      
0     000843cd  _EnableInterrupts                               
1     0000e530  _ErrorFlag                                      
0     000080a3  _F28x_usDelay                                   
0     00081893  _FLASH_CORRECTABLE_ERROR_ISR                    
0     00081767  _FPU_OVERFLOW_ISR                               
0     00081771  _FPU_UNDERFLOW_ISR                              
1     0005f800  _Flash0CtrlRegs                                 
1     0005fb00  _Flash0EccRegs                                  
0     00008095  _FlashOff                                       
1     00050024  _FlashPumpSemaphoreRegs                         
0     00083032  _GPIO_EnableUnbondedIOPullups                   
0     0008300d  _GPIO_EnableUnbondedIOPullupsFor100Pin          
0     00082ff4  _GPIO_EnableUnbondedIOPullupsFor176Pin          
0     00083048  _GPIO_ReadPin                                   
0     00082f99  _GPIO_SetupLock                                 
0     00082e79  _GPIO_SetupPinMux                               
0     00082f05  _GPIO_SetupPinOptions                           
0     00082fc2  _GPIO_SetupXINT1Gpio                            
0     00082fcc  _GPIO_SetupXINT2Gpio                            
0     00082fd6  _GPIO_SetupXINT3Gpio                            
0     00082fe0  _GPIO_SetupXINT4Gpio                            
0     00082fea  _GPIO_SetupXINT5Gpio                            
0     0008435c  _GPIO_TogglePin                                 
0     0008305f  _GPIO_WritePin                                  
1     0000e487  _GPIO_oneTimeInit                               
1     00007c00  _GpioCtrlRegs                                   
1     00007f00  _GpioDataRegs                                   
0     00081d47  _HALT                                           
0     00081d60  _HIB                                            
0     00081609  _I2CA_FIFO_ISR                                  
0     000815ff  _I2CA_ISR                                       
0     0008161d  _I2CB_FIFO_ISR                                  
0     00081613  _I2CB_ISR                                       
1     00007300  _I2caRegs                                       
1     00007340  _I2cbRegs                                       
0     00081d33  _IDLE                                           
0     000813a7  _ILLEGAL_ISR                                    
0     0008177b  _IPC0_ISR                                       
0     00081785  _IPC1_ISR                                       
0     0008178f  _IPC2_ISR                                       
0     00081799  _IPC3_ISR                                       
0     0008294a  _IPCLiteLtoRClearBits                           
0     00082974  _IPCLiteLtoRClearBits_Protected                 
0     000828d3  _IPCLiteLtoRDataRead                            
0     0008299e  _IPCLiteLtoRDataWrite                           
0     000829c3  _IPCLiteLtoRDataWrite_Protected                 
0     000829e8  _IPCLiteLtoRFunctionCall                        
0     000828b8  _IPCLiteLtoRGetResult                           
0     000828f6  _IPCLiteLtoRSetBits                             
0     00082920  _IPCLiteLtoRSetBits_Protected                   
0     00082a04  _IPCLiteReqMemAccess                            
0     00082aae  _IPCLiteRtoLClearBits                           
0     00082ade  _IPCLiteRtoLClearBits_Protected                 
0     00082a28  _IPCLiteRtoLDataRead                            
0     00082b11  _IPCLiteRtoLDataWrite                           
0     00082b3e  _IPCLiteRtoLDataWrite_Protected                 
0     00082b6e  _IPCLiteRtoLFunctionCall                        
0     00082a4f  _IPCLiteRtoLSetBits                             
0     00082a7d  _IPCLiteRtoLSetBits_Protected                   
abs   00000000  _IQMathfuncsLoadSize                            
0     00008000  _IQMathfuncsLoadStart                           
0     00008000  _IQMathfuncsRunStart                            
0     00081bcf  _InitAuxPll                                     
0     00084035  _InitCpuTimers                                  
0     0000806c  _InitFlash                                      
0     00082e39  _InitGpio                                       
0     00081910  _InitPeripheralClocks                           
0     000843ae  _InitPieCtrl                                    
0     000843d6  _InitPieVectTable                               
0     000818f0  _InitSysCtrl                                    
0     000819e1  _InitSysPll                                     
1     00007900  _InputXbarRegs                                  
1     00050000  _IpcRegs                                        
1     0000e5ee  _IsrOverrun                                     
0     0008159b  _MCBSPA_RX_ISR                                  
0     000815a5  _MCBSPA_TX_ISR                                  
0     000815af  _MCBSPB_RX_ISR                                  
0     000815b9  _MCBSPB_TX_ISR                                  
1     0000e600  _MW_InterruptDisableLock                        
0     000800af  _MW_RamfuncsLoadEnd                             
abs   0000003f  _MW_RamfuncsLoadSize                            
0     00080070  _MW_RamfuncsLoadStart                           
0     000080ab  _MW_RamfuncsRunEnd                              
abs   0000003f  _MW_RamfuncsRunSize                             
0     0000806c  _MW_RamfuncsRunStart                            
1     0000e5fa  _MW_SCI_PTR                                     
1     00006000  _McbspaRegs                                     
1     00006040  _McbspbRegs                                     
1     0005f400  _MemCfgRegs                                     
1     0005f500  _MemoryErrorRegs                                
0     0008139d  _NMI_ISR                                        
0     000818e6  _NOTUSED_ISR                                    
1     00007060  _NmiIntruptRegs                                 
0     00084351  _OneTimeGpioInit                                
1     00007a80  _OutputXbarRegs                                 
0     000818cf  _PIE_RESERVED_ISR                               
1     00000ce0  _PieCtrlRegs                                    
1     00000d00  _PieVectTable                                   
0     000844b0  _PieVectTableInit                               
0     0008189d  _RAM_ACCESS_VIOLATION_ISR                       
0     00081889  _RAM_CORRECTABLE_ERROR_ISR                      
0     00081389  _RTOS_ISR                                       
0     00080070  _RamfuncsLoadEnd                                
abs   0000006c  _RamfuncsLoadSize                               
0     00080004  _RamfuncsLoadStart                              
0     0000806c  _RamfuncsRunEnd                                 
abs   0000006c  _RamfuncsRunSize                                
0     00008000  _RamfuncsRunStart                               
0     000819bb  _ReleaseFlashPump                               
1     0005e608  _RomPrefetchRegs                                
1     0005f540  _RomWaitStateRegs                               
0     0008164f  _SCIA_RX_ISR                                    
0     00081659  _SCIA_TX_ISR                                    
0     00081663  _SCIB_RX_ISR                                    
0     0008166d  _SCIB_TX_ISR                                    
0     00081627  _SCIC_RX_ISR                                    
0     00081631  _SCIC_TX_ISR                                    
0     0008163b  _SCID_RX_ISR                                    
0     00081645  _SCID_TX_ISR                                    
0     00008000  _SCIRXINT_isr                                   
0     000817f3  _SD1_ISR                                        
0     000817fd  _SD2_ISR                                        
0     00081573  _SPIA_RX_ISR                                    
0     0008157d  _SPIA_TX_ISR                                    
0     00081587  _SPIB_RX_ISR                                    
0     00081591  _SPIB_TX_ISR                                    
0     00081807  _SPIC_RX_ISR                                    
0     00081811  _SPIC_TX_ISR                                    
0     00081d3c  _STANDBY                                        
0     000818a7  _SYS_PLL_SLIP_ISR                               
1     00007200  _SciaRegs                                       
1     00007210  _ScibRegs                                       
1     00007220  _ScicRegs                                       
1     00007230  _ScidRegs                                       
1     00005e00  _Sdfm1Regs                                      
1     00005e80  _Sdfm2Regs                                      
0     000819ac  _SeizeFlashPump                                 
0     000819c5  _ServiceDog                                     
0     00084377  _Set_GPIOPin                                    
1     00006100  _SpiaRegs                                       
1     00006110  _SpibRegs                                       
1     00006120  _SpicRegs                                       
1     00007940  _SyncSocRegs                                    
0     000080a7  _SysCtl_delay                                   
0     00081cdf  _SysIntOsc1Sel                                  
0     00081cef  _SysIntOsc2Sel                                  
0     00081d03  _SysXtalOscSel                                  
0     00081465  _TIMER0_ISR                                     
0     0008136b  _TIMER1_ISR                                     
0     00081375  _TIMER2_ISR                                     
0     000842d6  _TINT0_isr                                      
0     0008181b  _UPPA_ISR                                       
0     00081825  _USBA_ISR                                       
0     0008140b  _USER10_ISR                                     
0     00081415  _USER11_ISR                                     
0     0008141f  _USER12_ISR                                     
0     000813b1  _USER1_ISR                                      
0     000813bb  _USER2_ISR                                      
0     000813c5  _USER3_ISR                                      
0     000813cf  _USER4_ISR                                      
0     000813d9  _USER5_ISR                                      
0     000813e3  _USER6_ISR                                      
0     000813ed  _USER7_ISR                                      
0     000813f7  _USER8_ISR                                      
0     00081401  _USER9_ISR                                      
1     000703c0  _UidRegs                                        
1     00006200  _UppRegs                                        
0     0008175d  _VCU_ISR                                        
0     0008146f  _WAKE_ISR                                       
1     00007000  _WdRegs                                         
0     00081447  _XINT1_ISR                                      
0     00081451  _XINT2_ISR                                      
0     0008173f  _XINT3_ISR                                      
0     00081749  _XINT4_ISR                                      
0     00081753  _XINT5_ISR                                      
1     00007920  _XbarRegs                                       
1     00007070  _XintRegs                                       
1     00000522  __STACK_END                                     
abs   00000400  __STACK_SIZE                                    
1     0000e5d4  ___TI_cleanup_ptr                               
1     0000e5d6  ___TI_dtors_ptr                                 
1     0000e5d2  ___TI_enable_exit_profile_output                
abs   ffffffff  ___TI_pprof_out_hndl                            
abs   ffffffff  ___TI_prof_data_size                            
abs   ffffffff  ___TI_prof_data_start                           
abs   ffffffff  ___binit__                                      
abs   ffffffff  ___c_args__                                     
0     000846fc  ___cinit__                                      
0     000844ad  ___etext__                                      
abs   ffffffff  ___pinit__                                      
0     000800b0  ___text__                                       
0     0008446e  __args_main                                     
1     0000e33e  __lock                                          
0     00084493  __nop                                           
0     0008448f  __register_lock                                 
0     0008448b  __register_unlock                               
1     00000122  __stack                                         
0     000844ac  __system_post_cinit                             
0     000844aa  __system_pre_init                               
1     0000e5be  __unlock                                        
0     00084385  _abort                                          
0     00083f5f  _addElement                                     
0     00082b92  _c2000_flash_init                               
0     00084232  _c_int00                                        
0     00084288  _config_QEP_eQEP2                               
0     00084343  _config_ePWMSyncSource                          
0     0008431a  _config_ePWM_GPIO                               
0     00084333  _config_ePWM_TBSync                             
0     000840b1  _configureTimer0                                
0     000843fc  _copy_in                                        
0     00008043  _deleteElement                                  
0     000840fd  _disableTimer0Interrupt                         
0     000840f3  _enableTimer0Interrupt                          
0     00083b47  _enable_interrupts_sci                          
0     00084387  _exit                                           
0     00083915  _extmodeBackgroundRun                           
0     000838ce  _extmodeEvent                                   
0     0008395b  _extmodeGetEventTriggerEnable                   
0     0008393e  _extmodeGetFinalSimulationTime                  
0     00083821  _extmodeInit                                    
0     0008381a  _extmodeParseArgs                               
0     0008391d  _extmodeReset                                   
0     00083975  _extmodeSetEventTriggerEnable                   
0     00083953  _extmodeSetFinalSimulationTime                  
0     0008393a  _extmodeSimulationComplete                      
0     00083936  _extmodeStartRequested                          
0     00083932  _extmodeStopRequested                           
0     0008387b  _extmodeWaitForHostRequest                      
0     000841d9  _floor                                          
0     000841d9  _floorf                                         
1     0000e4ca  _frequency_response_B                           
1     0000e500  _frequency_response_DW                          
0     000846f6  _frequency_response_M                           
1     0000e340  _frequency_response_P                           
0     000811d0  _frequency_response_initialize                  
0     00080d0f  _frequency_response_step                        
0     0008136a  _frequency_response_terminate                   
0     00082338  _genericOutputPacketHandler                     
0     00084466  _globalInterruptDisable                         
0     0008445c  _globalInterruptEnable                          
0     00084032  _initBoardEnd                                   
0     00083f39  _initQue                                        
0     00082bb5  _initSetGPIOIPC                                 
0     00083f86  _init_board                                     
0     00083b56  _init_sci_rtiostream                            
0     00083f46  _isEmpty                                        
0     00083f52  _isFull                                         
0     00083e2b  _main                                           
0     0008443f  _memcpy                                         
0     0008449c  _memcpy_fast                                    
0     000844a3  _memset                                         
1     0000e536  _mwInitEnd                                      
1     0000e534  _mwInitStart                                    
1     0000e540  _queRx                                          
0     00084115  _restoreTimer0Interrupt                         
0     00083b0f  _rtIOStreamClose                                
0     00083af1  _rtIOStreamOpen                                 
0     00083b31  _rtIOStreamRecv                                 
0     00083b15  _rtIOStreamSend                                 
0     00083b23  _rtIOStreamSend8Bits                            
0     00083e06  _rt_OneStep                                     
[...]
0     0008305f  _GPIO_WritePin                                  
0     00083261  _xcpStandardInit                                
0     00083268  _xcpStandardGetPacketLookup                     
0     0008326c  _xcpStandardSetPacketLookup                     
0     00083274  _xcpStandardReset                               
0     0008327a  _xcpStandardGetAddressFromMta                   
0     0008327e  _xcpStandardSetMta                              
0     00083290  _xcpStandardGetMta                              
0     0008329c  _xcpStandardIncrementMta                        
0     000832a5  _xcpStandardExtendedInit                        
0     000832a6  _xcpStandardExtendedReset                       
0     000832cc  _xcpFrameInit                                   
0     000832e6  _xcpFrameMsgSend                                
0     00083365  _xcpFrameMsgRecv                                
0     000833ee  _xcpFrameCreateMsg                              
0     0008341c  _xcpFrameExtractPacket                          
0     0008348c  _xcpFrameHeaderSize                             
0     0008348e  _xcpFrameTailSize                               
0     00083490  _xcpFrameMaxDtoSize                             
0     00083494  _xcpFrameMaxCtoSize                             
0     00083496  _xcpFrameRestart                                
0     0008349d  _xcpFrameSetCtoReservedMemPoolId                
0     000834a4  _xcpFrameReset                                  
0     000834b9  _xcp_void_printf                                
0     000834c3  _xcpUpdateSimulationTimeInTicks                 
0     00083570  _xcpExtModeUpdateTime                           
0     00083577  _xcpExtModeGetUpdatedTimestamp                  
0     0008357e  _xcpGetTimestamp                                
0     00083595  _xcpExtModeGetSimulationTime                    
0     0008359c  _xcpExtModeInit                                 
0     000835c8  _xcpExtModeRunBackground                        
0     00083626  _xcpExtModeReset                                
0     00083794  _xcpExtModeClassicTriggerInit                   
0     000837a3  _xcpExtModeClassicTriggerEnabled                
0     000837e3  _xcpExtModeClassicTriggerReset                  
0     00083803  _xcpExtModeClassicTriggerForceEnableStatusUpdate
0     0008381a  _extmodeParseArgs                               
0     00083821  _extmodeInit                                    
0     0008387b  _extmodeWaitForHostRequest                      
0     000838ce  _extmodeEvent                                   
0     00083915  _extmodeBackgroundRun                           
0     0008391d  _extmodeReset                                   
0     00083932  _extmodeStopRequested                           
0     00083936  _extmodeStartRequested                          
0     0008393a  _extmodeSimulationComplete                      
0     0008393e  _extmodeGetFinalSimulationTime                  
0     00083953  _extmodeSetFinalSimulationTime                  
0     0008395b  _extmodeGetEventTriggerEnable                   
0     00083975  _extmodeSetEventTriggerEnable                   
0     00083989  _xcpDrvOpen                                     
0     000839a3  _xcpDrvIoctl                                    
0     000839b7  _xcpDrvSend                                     
0     00083a25  _xcpDrvRecv                                     
0     00083a93  _xcpDrvRecvUnknownSize                          
0     00083ad6  _xcpDrvClose                                    
0     00083af1  _rtIOStreamOpen                                 
0     00083b0f  _rtIOStreamClose                                
0     00083b15  _rtIOStreamSend                                 
0     00083b23  _rtIOStreamSend8Bits                            
0     00083b31  _rtIOStreamRecv                                 
0     00083b47  _enable_interrupts_sci                          
0     00083b56  _init_sci_rtiostream                            
0     00083bdf  _sci_rcv                                        
0     00083c1d  _sci_xmit_external_mode                         
0     00083c42  _CPU02toCPU01IPC0IntHandler                     
0     00083df4  _xcpCalibrationInit                             
0     00083df9  _xcpCalibrationGetPacketLookup                  
0     00083dfd  _xcpCalibrationSetPacketLookup                  
0     00083e05  _xcpCalibrationReset                            
0     00083e06  _rt_OneStep                                     
0     00083e2b  _main                                           
0     00083ecd  _BytePackerInplace32bits                        
0     00083ef0  _BytePacker32bits                               
0     00083f16  _BytePacker16bits                               
0     00083f39  _initQue                                        
0     00083f46  _isEmpty                                        
0     00083f52  _isFull                                         
0     00083f5f  _addElement                                     
0     00083f86  _init_board                                     
0     00084032  _initBoardEnd                                   
0     00084035  _InitCpuTimers                                  
0     00084076  _ConfigCpuTimer                                 
0     000840b1  _configureTimer0                                
0     000840ee  _stopTimer0                                     
0     000840f3  _enableTimer0Interrupt                          
0     000840fd  _disableTimer0Interrupt                         
0     00084115  _restoreTimer0Interrupt                         
0     00084120  _xcpFifoInit                                    
0     00084129  _xcpFifoEnqueue                                 
0     00084138  _xcpFifoDequeue                                 
0     0008414b  _xcpFifoEnqueueHead                             
0     0008415a  _xcpFifoSpliceHead                              
0     00084170  _xcpFifoEmpty                                   
0     00084179  _xcpFifoReset                                   
0     0008417f  _xcpSortArray                                   
0     000841d9  _floor                                          
0     000841d9  _floorf                                         
0     00084232  _c_int00                                        
0     00084288  _config_QEP_eQEP2                               
0     000842d6  _TINT0_isr                                      
0     0008431a  _config_ePWM_GPIO                               
0     00084333  _config_ePWM_TBSync                             
0     00084343  _config_ePWMSyncSource                          
0     00084351  _OneTimeGpioInit                                
0     0008435c  _GPIO_TogglePin                                 
0     00084377  _Set_GPIOPin                                    
0     00084385  C$$EXIT                                         
0     00084385  _abort                                          
0     00084387  _exit                                           
0     000843ae  _InitPieCtrl                                    
0     000843cd  _EnableInterrupts                               
0     000843d6  _InitPieVectTable                               
0     000843fc  _copy_in                                        
0     00084420  _xcpExtModeParseArgs                            
0     00084425  _xcpTransportGetInitParameters                  
0     00084432  _xcpGetInitParameters                           
0     0008443f  _memcpy                                         
0     0008445c  _globalInterruptEnable                          
0     00084466  _globalInterruptDisable                         
0     0008446e  __args_main                                     
0     00084480  U$$DIV                                          
0     00084485  U$$MOD                                          
0     0008448b  __register_unlock                               
0     0008448f  __register_lock                                 
0     00084493  __nop                                           
0     0008449c  _memcpy_fast                                    
0     000844a3  _memset                                         
0     000844aa  __system_pre_init                               
0     000844ac  __system_post_cinit                             
0     000844ad  ___etext__                                      
0     000844ad  etext                                           
0     000844b0  _PieVectTableInit                               
0     000846f6  _frequency_response_M                           
0     000846fc  ___cinit__                                      
0     000846fc  cinit                                           
1     00000122  __stack                                         
1     00000522  __STACK_END                                     
1     00000b00  _AdcaResultRegs                                 
1     00000b20  _AdcbResultRegs                                 
1     00000b40  _AdccResultRegs                                 
1     00000b60  _AdcdResultRegs                                 
1     00000c00  _CpuTimer0Regs                                  
1     00000c08  _CpuTimer1Regs                                  
1     00000c10  _CpuTimer2Regs                                  
1     00000ce0  _PieCtrlRegs                                    
1     00000d00  _PieVectTable                                   
1     00001000  _DmaRegs                                        
1     00001400  _Cla1Regs                                       
1     00003000  _Clb1LogicCfgRegs                               
1     00003100  _Clb1LogicCtrlRegs                              
1     00003200  _Clb1DataExchRegs                               
1     00003400  _Clb2LogicCfgRegs                               
1     00003500  _Clb2LogicCtrlRegs                              
1     00003600  _Clb2DataExchRegs                               
1     00003800  _Clb3LogicCfgRegs                               
1     00003900  _Clb3LogicCtrlRegs                              
1     00003a00  _Clb3DataExchRegs                               
1     00003c00  _Clb4LogicCfgRegs                               
1     00003d00  _Clb4LogicCtrlRegs                              
1     00003e00  _Clb4DataExchRegs                               
1     00004000  _EPwm1Regs                                      
1     00004100  _EPwm2Regs                                      
1     00004200  _EPwm3Regs                                      
1     00004300  _EPwm4Regs                                      
1     00004400  _EPwm5Regs                                      
1     00004500  _EPwm6Regs                                      
1     00004600  _EPwm7Regs                                      
1     00004700  _EPwm8Regs                                      
1     00004800  _EPwm9Regs                                      
1     00004900  _EPwm10Regs                                     
1     00004a00  _EPwm11Regs                                     
1     00004b00  _EPwm12Regs                                     
1     00005000  _ECap1Regs                                      
1     00005020  _ECap2Regs                                      
1     00005040  _ECap3Regs                                      
1     00005060  _ECap4Regs                                      
1     00005080  _ECap5Regs                                      
1     000050a0  _ECap6Regs                                      
1     00005100  _EQep1Regs                                      
1     00005140  _EQep2Regs                                      
1     00005180  _EQep3Regs                                      
1     00005c00  _DacaRegs                                       
1     00005c10  _DacbRegs                                       
1     00005c20  _DaccRegs                                       
1     00005c80  _Cmpss1Regs                                     
1     00005ca0  _Cmpss2Regs                                     
1     00005cc0  _Cmpss3Regs                                     
1     00005ce0  _Cmpss4Regs                                     
1     00005d00  _Cmpss5Regs                                     
1     00005d20  _Cmpss6Regs                                     
1     00005d40  _Cmpss7Regs                                     
1     00005d60  _Cmpss8Regs                                     
1     00005e00  _Sdfm1Regs                                      
1     00005e80  _Sdfm2Regs                                      
1     00006000  _McbspaRegs                                     
1     00006040  _McbspbRegs                                     
1     00006100  _SpiaRegs                                       
1     00006110  _SpibRegs                                       
1     00006120  _SpicRegs                                       
1     00006200  _UppRegs                                        
1     00007000  _WdRegs                                         
1     00007060  _NmiIntruptRegs                                 
1     00007070  _XintRegs                                       
1     00007200  _SciaRegs                                       
1     00007210  _ScibRegs                                       
1     00007220  _ScicRegs                                       
1     00007230  _ScidRegs                                       
1     00007300  _I2caRegs                                       
1     00007340  _I2cbRegs                                       
1     00007400  _AdcaRegs                                       
1     00007480  _AdcbRegs                                       
1     00007500  _AdccRegs                                       
1     00007580  _AdcdRegs                                       
1     00007900  _InputXbarRegs                                  
1     00007920  _XbarRegs                                       
1     00007940  _SyncSocRegs                                    
1     00007980  _DmaClaSrcSelRegs                               
1     00007a00  _EPwmXbarRegs                                   
1     00007a40  _ClbXbarRegs                                    
1     00007a80  _OutputXbarRegs                                 
1     00007c00  _GpioCtrlRegs                                   
1     00007f00  _GpioDataRegs                                   
1     0000e326  _CpuTimer0                                      
1     0000e32e  _CpuTimer1                                      
1     0000e336  _CpuTimer2                                      
1     0000e33e  __lock                                          
1     0000e340  _frequency_response_P                           
1     0000e3d6  _xcpModelStartRequest                           
1     0000e3d7  _xcpModelStopRequest                            
1     0000e3d8  _xcpModelStatus                                 
1     0000e3d9  _xcpExtmodeSimulationComplete                   
1     0000e3dc  _xcpModelChecksum0                              
1     0000e3de  _xcpModelChecksum1                              
1     0000e3e0  _xcpModelChecksum2                              
1     0000e3e2  _xcpModelChecksum3                              
1     0000e3e4  _xcpModelIntegerCode                            
1     0000e3e6  _xcpExtmodeFinalSimulationTime                  
1     0000e3e8  _xcpDummyDoubleVariable                         
1     0000e3f4  _xcpDummyUint64Variable                         
1     0000e487  _GPIO_oneTimeInit                               
1     0000e488  _xcpClassicTriggerEventId                       
1     0000e489  _xcpClassicTriggerSignalAddressExtension        
1     0000e48a  _xcpClassicTriggerDirection                     
1     0000e48b  _xcpClassicTriggerArmRequest                    
1     0000e48c  _xcpClassicTriggerCancelRequest                 
1     0000e48d  _xcpClassicTriggerSource                        
1     0000e48e  _xcpClassicTriggerMode                          
1     0000e48f  _xcpClassicTriggerStatus                        
1     0000e496  _xcpClassicTriggerSignalAddress                 
1     0000e498  _xcpClassicTriggerLevel                         
1     0000e49a  _xcpClassicTriggerDuration                      
1     0000e49c  _xcpClassicTriggerHoldOff                       
1     0000e49e  _xcpClassicTriggerDelay                         
1     0000e4ca  _frequency_response_B                           
1     0000e500  _frequency_response_DW                          
1     0000e530  _ErrorFlag                                      
1     0000e532  _CIPC0_INT_fptr                                 
1     0000e534  _mwInitStart                                    
1     0000e536  _mwInitEnd                                      
1     0000e540  _queRx                                          
1     0000e5be  __unlock                                        
1     0000e5d2  ___TI_enable_exit_profile_output                
1     0000e5d4  ___TI_cleanup_ptr                               
1     0000e5d6  ___TI_dtors_ptr                                 
1     0000e5e2  _xcpCurrentSimulationTimeInTicks                
1     0000e5ee  _IsrOverrun                                     
1     0000e5f0  _stopRequested                                  
1     0000e5f1  _runModel                                       
1     0000e5fa  _MW_SCI_PTR                                     
1     0000e600  _MW_InterruptDisableLock                        
1     00047000  _Emif1Regs                                      
1     00047800  _Emif2Regs                                      
1     00048000  _CanaRegs                                       
1     0004a000  _CanbRegs                                       
1     00050000  _IpcRegs                                        
1     00050024  _FlashPumpSemaphoreRegs                         
1     0005d000  _DevCfgRegs                                     
1     0005d180  _AnalogSubsysRegs                               
1     0005d200  _ClkCfgRegs                                     
1     0005d300  _CpuSysRegs                                     
1     0005e608  _RomPrefetchRegs                                
1     0005f000  _DcsmZ1Regs                                     
1     0005f040  _DcsmZ2Regs                                     
1     0005f070  _DcsmCommonRegs                                 
1     0005f400  _MemCfgRegs                                     
1     0005f480  _Emif1ConfigRegs                                
1     0005f4a0  _Emif2ConfigRegs                                
1     0005f4c0  _AccessProtectionRegs                           
1     0005f500  _MemoryErrorRegs                                
1     0005f540  _RomWaitStateRegs                               
1     0005f800  _Flash0CtrlRegs                                 
1     0005fb00  _Flash0EccRegs                                  
1     000703c0  _UidRegs                                        
abs   00000000  _IQMathfuncsLoadSize                            
abs   0000003f  _MW_RamfuncsLoadSize                            
abs   0000003f  _MW_RamfuncsRunSize                             
abs   0000006c  _RamfuncsLoadSize                               
abs   0000006c  _RamfuncsRunSize                                
abs   00000400  __STACK_SIZE                                    
abs   ffffffff  ___TI_pprof_out_hndl                            
abs   ffffffff  ___TI_prof_data_size                            
abs   ffffffff  ___TI_prof_data_start                           
abs   ffffffff  ___binit__                                      
abs   ffffffff  ___c_args__                                     
abs   ffffffff  ___pinit__                                      
abs   ffffffff  binit                                           
abs   ffffffff  pinit                                           

[594 symbols]
